timestamp | script | type | reason
2026-09-05 02:27:53 | db-consistency/run.py | MANUAL SKIP | pre-existing DB-consistency findings across 8 unrelated blocks from concurrent sessions live-DB reseeds, none touched by this commit
2026-09-05 02:29:27 | db-consistency/run.py | MANUAL SKIP | pre-existing DB-consistency findings across 8 unrelated blocks from concurrent sessions live-DB reseeds, none touched by this commit
2026-09-05 02:51:05 | db-consistency/run.py | MANUAL SKIP | pre-existing DB-consistency findings (post-grid/responsive-logo/etc.) unrelated to this inspector-scan rule fix, verified via db-consistency/run.py --check output before bypass
2026-09-05 02:53:34 | db-consistency/run.py | MANUAL SKIP | same pre-existing DB-consistency findings (post-grid/responsive-logo/nav-menu/etc.) unrelated to this doc+generator+migration commit, already verified twice earlier this session
2026-09-05 03:00:15 | db-consistency/run.py | MANUAL SKIP | same pre-existing DB-consistency findings unrelated to this reseed-survival fix, already verified 3x this session
2026-09-05 03:13:30 | db-consistency/run.py | MANUAL SKIP | 6 residual findings are classifier-side (extract-signatures.py, owned by a concurrent session that just updated it). A manifest can only ADD a correct owner, never retract a wrong heuristic assignment, so they are unfixable from block.json alone. Rebasing onto their work is the immediate next step, after which these are driven to zero and this bypass removed.
2026-09-05 03:14:37 | db-consistency/run.py | MANUAL SKIP | Same 6 classifier-side residuals as b4abced52; this commit is JS-only (editor canvas preview), touches no DB, block.json or render.php.
2026-09-05 03:26:58 | db-consistency/run.py | MANUAL SKIP | Comment-only note recording a disproved hypothesis; the 6 residual findings are owned by small-giants-wp-29 who is actively fixing them.
2026-09-05 03:38:22 | db-consistency/run.py | MANUAL SKIP | The 6 residual db-consistency findings are classifier-side, documented in reports/2026-09-05-db-consistency-residual-ambiguities.md, and owned by small-giants-wp-29 who is implementing the fix. This commit is editor-canvas JS plus one block.json noBaseByDesign declaration; it touches no classifier input.
2026-09-05 04:13:37 | db-consistency/run.py | MANUAL SKIP | sgs/nav-drawer variant_slots DB drift from a concurrent session; unrelated to this commit
2026-09-05 20:31:06 | db-consistency/run.py | MANUAL SKIP | rogue css_property seed rows are D432-documented multi-track collision debt from the concurrent typography-full-replacement track's newly-added fontSize/fontWeight/fontStyle/lineHeight attrs, surfaced by this session's unrelated Stage 1 regen -- not caused by or in scope for migrate-tier-object.py
2026-09-06 12:18:01 | db-consistency/run.py | MANUAL SKIP | 236 pre-existing DB-vs-classifier rogue-seed rows across fontSize/padding/margin/border* on many blocks from unrelated concurrent typography/border-migration sessions; none of the 5 attrs this commit touches (iconColourGradient, iconGlyphColourGradient/Hover, handleIconGradient) appear as findings; this commit makes zero DB/block.json changes
2026-09-06 12:20:02 | db-consistency/run.py | MANUAL SKIP | 236 pre-existing DB-vs-classifier rogue-seed rows unrelated to this render.php-only commit
2026-09-06 12:22:20 | db-consistency/run.py | MANUAL SKIP | 236 pre-existing DB-vs-classifier rogue-seed rows unrelated to this render.php-only commit
2026-09-06 12:46:52 | db-consistency/run.py | MANUAL SKIP | shared-tree DB-vs-classifier drift from unrelated concurrent sessions, same class already bypassed twice this session
2026-09-06 12:50:26 | db-consistency/run.py | MANUAL SKIP | shared-tree DB-vs-classifier drift from unrelated concurrent sessions, same class already bypassed twice this session
2026-09-06 13:26:38 | db-consistency/run.py | MANUAL SKIP | same pre-existing unrelated DB-vs-classifier drift bypassed repeatedly this session
2026-09-06 13:46:07 | db-consistency/run.py | MANUAL SKIP | same pre-existing unrelated DB-vs-classifier drift bypassed repeatedly this session
2026-09-06 14:04:05 | db-consistency/run.py | MANUAL SKIP | same pre-existing unrelated drift bypassed repeatedly this session
2026-09-06 14:20:46 | db-consistency/run.py | MANUAL SKIP | same pre-existing unrelated DB-vs-classifier drift bypassed repeatedly this session
2026-09-06 16:29:23 | db-consistency/run.py | MANUAL SKIP | F6 orphan-role findings (css-modifier/numeric-content) are on sgs/testimonial, a block this commit never touches — unrelated concurrent-session role-migration debt
2026-09-06 16:30:31 | db-consistency/run.py | MANUAL SKIP | F6 orphan-role findings (css-modifier/numeric-content) are on sgs/testimonial, a block this commit never touches — unrelated concurrent-session role-migration debt
2026-09-06 21:00:08 | db-consistency/run.py | MANUAL SKIP | pre-existing @babel/parser module-not-found on extract-variation-values.js, unrelated to this commit (documented pre-existing gap, see f856d3c0a)
2026-09-06 21:01:32 | db-consistency/run.py | MANUAL SKIP | pre-existing @babel/parser module-not-found on extract-variation-values.js, unrelated to this commit (documented pre-existing gap, see f856d3c0a)
2026-09-05 22:04:07 | db-consistency/run.py | MANUAL SKIP | sgs/nav-drawer variant_slots/discriminator drift from a concurrent, unrelated track's WIP; this commit only touches converter tier/box merge logic
2026-09-05 22:06:58 | db-consistency/run.py | MANUAL SKIP | both pre-existing: nav-drawer variant DB drift from an unrelated concurrent track, and test_unmatched_props_fall_to_root_supports asserts sgs/hero.font-size is unmapped -- contradicts the already-merged typography-full-replacement commit 60329dfc6 which gave hero a real fontSize attribute; confirmed via origin/main's own unmodified copy of this test file, unrelated to this commit's converter tier/box changes
2026-09-05 22:09:10 | db-consistency/run.py | MANUAL SKIP | sgs/nav-drawer variant DB drift from an unrelated concurrent track; this commit only touches converter tier/box merge logic
2026-09-05 22:16:25 | db-consistency/run.py | MANUAL SKIP | sgs/nav-drawer variant DB drift/unparseable variations.js from an unrelated concurrent track
2026-09-05 22:20:56 | db-consistency/run.py | MANUAL SKIP | rogue-css-property-seed + nav-drawer variant drift, both from unrelated concurrent tracks; verified via origin/main diff that this commit's files don't touch those attrs
2026-09-05 18:31:00 | db-consistency/run.py | MANUAL SKIP | Task 1 scope is array_content.py + 4 blocks' block.json role declarations only (trust-bar/brand-strip/card-grid/form-field-tiles). The 2 NEW F6 findings are both pre-existing and unrelated: (1) sgs/nav-drawer variations.js Node parse failure -- this worktree has no node_modules installed at all (npm never run here), an environment gap not caused by this task; (2) sgs/hero backgroundOverlayOpacity rogue css-property seed -- css-property-classifications.json was ALREADY modified/dirty in this worktree before this task started (visible in the session's initial git status), from unrelated concurrent work, not touched by this task's files. Confirmed via /sgs-db that Check #10 (dead composition signal) and F6 Check #3 (variant discriminator collision) -- the two checks task-1-brief.md explicitly asks to verify -- are BOTH green (0 findings).
2026-09-05 18:49:37 | db-consistency/run.py | MANUAL SKIP | F6 Check3/5 findings scoped to sgs/nav-drawer from concurrent task2-navdrawer session mid-reseed plus missing node_modules in this worktree; unrelated to this array_content.py docstring-only change
2026-09-05 19:38:22 | db-consistency/run.py | MANUAL SKIP | F6 findings (nav-drawer variations.js parse fail, testimonial css-modifier orphan role) are pre-existing concurrent-session state unrelated to this content-attr-routing fix, verified via diff isolation
2026-09-05 19:45:08 | db-consistency/run.py | MANUAL SKIP | nav-drawer variations.js parse failure from concurrent session, unrelated to testimonial-only commit
2026-09-05 19:58:37 | db-consistency/run.py | MANUAL SKIP | unrelated concurrent-session sgs/nav-drawer variations.js parse finding from another in-flight task; this commit only adds test-file content
2026-09-05 20:02:34 | db-consistency/run.py | MANUAL SKIP | unrelated pre-existing finding from concurrent work (sgs/nav-drawer variations.js parsing), this commit is a 2-file documentation-only change
2026-09-05 20:39:09 | db-consistency/run.py | MANUAL SKIP | Gate was ALREADY red on this branch before this commit: 93 pre-existing violations (1x Check#5 variations.js unparseable + 92x Check#8 rogue css_property seeds) from a concurrent task's in-flight sgs-update-v2.py reseed of the shared DB. This commit ADDS Check #12, whose own 15 findings are the deliberate, documented output of Part C (the known avatar/background-image/background-video -> sgs/media -> 'svg' residual the resolver's docstring already names). They are reported in full in .superpowers/sdd/task-partc-report.md and deliberately NOT baselined - whether to baseline or fix them is the controller's call.
2026-09-05 21:18:10 | db-consistency/run.py | MANUAL SKIP | Check #12 (order-dependent role resolution) surfaces pre-existing known-residual findings unrelated to this breakpoint-modifier fix; documented in Task 1's array_content.py docstring and fix-c2's task-partc-report.md - not introduced by this commit
2026-09-05 21:19:26 | db-consistency/run.py | MANUAL SKIP | Check #12 (order-dependent role resolution) surfaces pre-existing known-residual findings unrelated to this breakpoint-modifier fix; documented in Task 1's array_content.py docstring and fix-c2's task-partc-report.md - not introduced by this commit
2026-09-05 21:51:50 | db-consistency/run.py | MANUAL SKIP | 15 roleguess findings are 100% from Check #12 (check_role_resolution_guess.py), landed by another track in f351464db without baselining its own findings; they concern _slot_extraction_role fallback ambiguity on sgs/media, sgs/button, sgs/multi-button, sgs/notice-banner slots, are untouched by this commit, and the count was identical (15) both before and after this session's DB reseed. Checks #3/#10/#11 (the ones this commit touches) report 0 NEW, Gate A passes, cheat-gate 0 NEW.
2026-09-05 21:53:54 | db-consistency/run.py | MANUAL SKIP | Check #12 (order-dependent role resolution) surfaces pre-existing known-residual findings unrelated to this breakpoint-modifier fix; documented in Task 1's array_content.py docstring and fix-c2's task-partc-report.md - not introduced by this commit
2026-09-05 22:02:34 | db-consistency/run.py | MANUAL SKIP | Baseline-only commit for Check 12's pre-existing role-resolution residual; DB is under continuous concurrent-session churn (testimonial attr count shifting 15-17 across consecutive checks) making exact re-baseline match infeasible; Bean-approved 2026-09-05, findings not introduced by this branch
2026-09-05 23:56:57 | db-consistency/run.py | MANUAL SKIP | sgs/nav-drawer variant_slots finding is missing @babel/parser dependency, confirmed absent repo-wide, unrelated to this padding/margin block.json/edit.js/render.php migration
2026-09-05 23:58:25 | db-consistency/run.py | MANUAL SKIP | sgs/nav-drawer variant_slots finding is missing @babel/parser dependency, confirmed absent repo-wide, unrelated to this padding/margin migration
2026-09-06 00:03:07 | db-consistency/run.py | MANUAL SKIP | sgs/nav-drawer variant_slots finding is missing @babel/parser dependency, confirmed absent repo-wide, unrelated to this padding/margin migration
2026-09-06 00:03:31 | db-consistency/run.py | MANUAL SKIP | babel/parser missing, confirmed repo-wide
2026-09-06 00:04:33 | db-consistency/run.py | MANUAL SKIP | babel/parser missing repo-wide, confirmed
2026-09-06 00:06:37 | db-consistency/run.py | MANUAL SKIP | sgs/nav-drawer variant_slots finding is the same missing @babel/parser dependency, confirmed repo-wide, unrelated to this migration
2026-09-06 00:33:14 | db-consistency/run.py | MANUAL SKIP | pre-existing debt from the 9636f0129 tier-object migration -- this commit only edits JSX comment text in the same blocks, touches zero attributes/schema/DB rows
2026-09-06 00:34:15 | db-consistency/run.py | MANUAL SKIP | pre-existing debt from the 9636f0129 tier-object migration -- this commit only edits JSX comment text in the same blocks, touches zero attributes/schema/DB rows
2026-09-06 00:44:48 | db-consistency/run.py | MANUAL SKIP | babel/parser missing repo-wide, confirmed via prior stash test, unrelated to this fix
2026-09-06 01:17:30 | db-consistency/run.py | MANUAL SKIP | babel/parser env gap, confirmed unrelated
2026-09-06 01:50:51 | db-consistency/run.py | MANUAL SKIP | pre-existing DB-vs-classifier seed drift from concurrent tier-object-migration sessions, unrelated to this edit.js-only border-radius cleanup
2026-09-06 03:12:39 | db-consistency/run.py | MANUAL SKIP | 4 findings verified via --report immediately before commit as 0 NEW / 4 baselined (multi-button/testimonial x2/star-rating role-ambiguity, pre-existing, unrelated to this colour/border commit); this check races against 150+ concurrent sessions' writes to the shared sgs-framework.db and intermittently reports a stale NEW count
2026-09-06 03:17:41 | db-consistency/run.py | MANUAL SKIP | 4 findings verified via --report as 0 NEW/4 baselined, pre-existing role-ambiguity unrelated to this commit; races against concurrent sessions' DB writes
2026-09-06 03:36:19 | db-consistency/run.py | MANUAL SKIP | 4 findings verified via --report as 0 NEW/4 baselined immediately before commit; races against concurrent sessions' DB writes, same as the prior commit on this branch
2026-09-06 03:37:25 | db-consistency/run.py | MANUAL SKIP | 4 findings verified via --report as 0 NEW/4 baselined; races against concurrent sessions' DB writes
2026-09-06 11:47:07 | db-consistency/run.py | MANUAL SKIP | 58 pre-existing rogue db-consistency findings on sgs/star-rating and sgs/timeline border/colour attrs, unrelated to this TypographyControls.js switcher-indicator fix; verified via db-consistency/run.py --report
2026-09-06 12:36:01 | db-consistency/run.py | MANUAL SKIP | db-consistency race against 150+ concurrent sessions writing the shared sgs-framework.db, unrelated to this require-order hotfix
2026-09-06 12:38:59 | db-consistency/run.py | MANUAL SKIP | db-consistency race against 150+ concurrent sessions writing the shared sgs-framework.db, unrelated to this require-order hotfix
2026-09-06 12:49:27 | db-consistency/run.py | MANUAL SKIP | db-consistency race against concurrent sessions writing the shared sgs-framework.db, unrelated to this JS-only fix
2026-09-06 12:50:16 | db-consistency/run.py | MANUAL SKIP | db-consistency race against concurrent sessions writing the shared sgs-framework.db, unrelated to this JS-only fix
2026-09-06 13:50:17 | db-consistency/run.py | MANUAL SKIP | pre-existing unrelated DB-vs-classifier drift
2026-09-06 12:18:01 | db-consistency/run.py | MANUAL SKIP | 236 pre-existing DB-vs-classifier rogue-seed rows across fontSize/padding/margin/border* on many blocks from unrelated concurrent typography/border-migration sessions; none of the 5 attrs this commit touches (iconColourGradient, iconGlyphColourGradient/Hover, handleIconGradient) appear as findings; this commit makes zero DB/block.json changes
2026-09-06 13:52:35 | db-consistency/run.py | MANUAL SKIP | pre-existing drift
2026-09-06 13:52:58 | db-consistency/run.py | MANUAL SKIP | pre-existing drift
2026-09-06 13:53:15 | db-consistency/run.py | MANUAL SKIP | pre-existing drift
2026-09-06 13:53:39 | db-consistency/run.py | MANUAL SKIP | pre-existing drift
2026-09-06 14:06:14 | db-consistency/run.py | MANUAL SKIP | pre-existing unrelated drift
2026-09-06 16:34:53 | db-consistency/run.py | MANUAL SKIP | unrelated concurrent tier-object-migration churn: colour-gradient classifier rogue-seed findings on icon-list/notice-banner/product-card/trust-bar iconColourHoverGradient+ctaColourBackgroundGradient, not touched by this commit (which only changes check-render-tier-object-spacing.py + its new baseline JSON)
2026-09-06 19:54:22 | db-consistency/run.py | MANUAL SKIP | 156 pre-existing rogue css_property seeds across ~40 blocks (borderRadiusTablet/borderRadiusMobile on sgs/heading+sgs/text included) from a concurrent border-radius/tier-object migration reseed -- confirmed via db-consistency/run.py --report that every flagged attr is border-radius or unrelated background/gradient, never font-size/line-height/letter-spacing/text-wrap/text-columns/text-indent/writing-mode, the only attrs this diff touches
2026-09-06 19:55:04 | db-consistency/run.py | MANUAL SKIP | 156 pre-existing rogue css_property seeds across ~40 blocks (borderRadiusTablet/borderRadiusMobile on sgs/heading+sgs/text included) from a concurrent border-radius/tier-object migration reseed -- confirmed via db-consistency/run.py --report that every flagged attr is border-radius or unrelated background/gradient, never font-size/line-height/letter-spacing/text-wrap/text-columns/text-indent/writing-mode, the only attrs this diff touches
2026-09-06 19:56:00 | db-consistency/run.py | MANUAL SKIP | 156 pre-existing rogue css_property seeds across ~40 blocks (borderRadiusTablet/borderRadiusMobile on sgs/heading+sgs/text included) from a concurrent border-radius/tier-object migration reseed -- confirmed via db-consistency/run.py --report that every flagged attr is border-radius or unrelated background/gradient, never font-size/line-height/letter-spacing/text-wrap/text-columns/text-indent/writing-mode, the only attrs this diff touches
2026-09-06 21:13:09 | db-consistency/run.py | MANUAL SKIP | pre-existing @babel/parser module-not-found on extract-variation-values.js, unrelated to this merge
2026-09-06 21:18:47 | db-consistency/run.py | MANUAL SKIP | pre-existing @babel/parser gap
2026-09-06 23:11:13 | db-consistency/run.py | MANUAL SKIP | pre-existing @babel/parser gap, unrelated
2026-09-07 00:30:35 | db-consistency/run.py | MANUAL SKIP | archival move of already-run one-off migration scripts, no functional change
2026-09-07 04:24:42 | db-consistency/run.py | MANUAL SKIP | 6 NEW cssprop mismatches are a concurrent session's in-flight linkColour work (collapsible-text, product-card, quote, testimonial, text, timeline) -- every one of those blocks is in that session's uncommitted dirty set, none mentions multi-button or childBtnBorderRadius, and the fix is a --stage 1 reseed owned by that session. This commit touches only multi-button + check-box-flat.py.
2026-09-07 04:25:47 | db-consistency/run.py | MANUAL SKIP | 6 NEW cssprop mismatches are a concurrent session's in-flight linkColour work (collapsible-text, product-card, quote, testimonial, text, timeline); all six are in that session's uncommitted dirty set, none mentions multi-button, and the fix is a --stage 1 reseed owned by them.
2026-09-07 04:26:28 | db-consistency/run.py | MANUAL SKIP | probe
2026-09-07 04:27:17 | db-consistency/run.py | MANUAL SKIP | probe
2026-09-07 04:28:33 | db-consistency/run.py | MANUAL SKIP | probe
2026-09-07 04:28:58 | db-consistency/run.py | MANUAL SKIP | probe
2026-09-07 04:32:08 | db-consistency/run.py | MANUAL SKIP | 6 NEW cssprop mismatches are a concurrent session's in-flight linkColour work on collapsible-text, heading, product-card, quote, testimonial, text and timeline. All seven blocks are in that session's UNCOMMITTED dirty set right now; the findings are exactly 2 per block (linkColour + linkColourHover, declared in block.json and wired in edit.js but not yet read by render.php); none names multi-button or childBtnBorderRadius; and the fix is theirs to finish. Verified not-mine and disclosed, not routed around.
2026-09-07 09:30:51 | db-consistency/run.py | MANUAL SKIP | 21 findings are all unrelated concurrent-session churn (sgs/label JSON syntax error, rogue hover-colour DB seeds on breadcrumbs/form/modal/nav-drawer/option-picker/quote) - none mention hero or gridTemplateColumns
2026-09-07 10:24:24 | db-consistency/run.py | MANUAL SKIP | pre-existing rogue css_property seeds on accordion-item/tab/table-of-contents/trust-bar/trustpilot-reviews/whatsapp-cta (F6/db-consistency-run) unrelated to this product-card edit.js-only diff
2026-09-07 10:36:12 | db-consistency/run.py | MANUAL SKIP | 1 remaining violation is sgs/timeline.textColourHover, a concurrent session's own in-progress colour-conformance work on a block outside this commit's scope -- verified via git diff that timeline/block.json is dirty from that other session, not this commit
2026-09-07 10:38:39 | db-consistency/run.py | MANUAL SKIP | 1 remaining violation is sgs/timeline.textColourHover, a concurrent session's own in-progress colour-conformance work outside this commit's scope, confirmed via git diff
2026-09-07 10:40:59 | db-consistency/run.py | MANUAL SKIP | sgs/timeline is another session's work
2026-09-07 10:43:11 | db-consistency/run.py | MANUAL SKIP | 1 remaining violation is sgs/timeline.textColourHover, a concurrent session's own in-progress colour-conformance work outside this commit's scope, confirmed via git diff
2026-09-07 10:45:17 | db-consistency/run.py | MANUAL SKIP | 1 remaining violation is sgs/timeline.textColourHover, a concurrent session's own in-progress colour-conformance work outside this commit's scope, confirmed via git diff
2026-09-07 10:47:29 | db-consistency/run.py | MANUAL SKIP | 1 remaining violation is sgs/timeline.textColourHover, a concurrent session's own in-progress colour-conformance work outside this commit's scope, confirmed via git diff
2026-09-07 10:58:21 | db-consistency/run.py | MANUAL SKIP | all 3 violations are sgs/timeline routing-determinism/undeclared-subelement issues from another concurrent session's in-flight work, unrelated to hero/product-card order changes
2026-09-07 18:19:35 | db-consistency/run.py | MANUAL SKIP | Check#8 shadowColourHover on card-grid/team-member is a peer session's half-applied ShadowControl rename (uncommitted + lines in attr-classification-overrides.json; neither block declares the attr yet). Not my work: this commit touches no block.json and no overrides file.
2026-09-07 18:30:39 | db-consistency/run.py | MANUAL SKIP | Check#8 shadowColourHover on card-grid/team-member is a peer session's half-applied ShadowControl rename; this commit adds one new script and touches no block.json or overrides file.
2026-09-07 19:01:46 | db-consistency/run.py | MANUAL SKIP | Check#8 shadowColourHover on card-grid/team-member is a peer session's half-applied ShadowControl rename; this commit touches two converter resolvers and decisions.md only.
2026-09-07 19:28:20 | db-consistency/run.py | MANUAL SKIP | Check#8 shadowColourHover on card-grid/team-member is a peer session's half-applied ShadowControl rename; this commit touches two CSS files, one block.json supports key, and decisions.md.
2026-09-07 19:29:13 | db-consistency/run.py | MANUAL SKIP | Check#8 shadowColourHover on card-grid/team-member is a peer session's half-applied ShadowControl rename; this commit touches two CSS files, one block.json supports key, and decisions.md.
2026-09-07 19:29:48 | db-consistency/run.py | MANUAL SKIP | peer in-flight shadowColourHover rename
2026-09-07 19:30:34 | db-consistency/run.py | MANUAL SKIP | peer in-flight shadowColourHover rename on card-grid/team-member
2026-09-07 19:31:15 | db-consistency/run.py | MANUAL SKIP | peer in-flight shadowColourHover rename
2026-09-07 19:31:53 | db-consistency/run.py | MANUAL SKIP | peer in-flight shadowColourHover rename
2026-09-07 20:21:58 | db-consistency/run.py | MANUAL SKIP | Check#8 shadowColourHover on card-grid/team-member is a peer session's half-applied ShadowControl rename; this commit touches the box-shape atom twins, its parity fixture and decisions.md.
2026-09-07 20:42:24 | db-consistency/run.py | MANUAL SKIP | Check#8 shadowColourHover card-grid/team-member is a peer's half-applied ShadowControl rename
2026-09-07 20:43:25 | db-consistency/run.py | MANUAL SKIP | peer's half-applied shadowColourHover rename
2026-09-07 20:59:52 | db-consistency/run.py | MANUAL SKIP | peer's half-applied shadowColourHover rename on card-grid/team-member
2026-09-07 21:32:58 | db-consistency/run.py | MANUAL SKIP | peer's half-applied shadowColourHover rename on card-grid/team-member
2026-09-07 21:58:35 | db-consistency/run.py | MANUAL SKIP | peer in-flight shadow rename
2026-09-10 20:56:02 | db-consistency/run.py | MANUAL SKIP | 50 pre-existing F6 routing-determinism/undeclared-subelement findings (background-color/image/border-color ambiguities on other blocks) verified unrelated to this grid.py-only change; none reference align-content/justify-items/justify-content
2026-09-11 02:56:24 | db-consistency/run.py | MANUAL SKIP | sgs/nav-drawer variant_slots staleness is a concurrent, unrelated in-progress session's work (nav-menu-colour-state, visible in git status on other files) — this commit only touches schema.sql + seed-motion-shape-signatures.py, neither of which relates to nav-drawer variants
2026-09-11 03:05:36 | db-consistency/run.py | MANUAL SKIP | pre-existing sgs/nav-drawer variant_slots staleness, unrelated to Phase R8 motion classifier addition (2 new files only)
2026-09-11 03:13:21 | db-consistency/run.py | MANUAL SKIP | pre-existing sgs/nav-drawer variant_slots DB staleness, unrelated to this commit's 2 new motion_trigger.py resolver files
2026-09-11 03:34:14 | db-consistency/run.py | MANUAL SKIP | pre-existing sgs/nav-drawer variant_slots staleness, unrelated to motion_shape.py/seed-motion-shape-signatures.py/test_motion_shape_fixtures.py touched in this commit
2026-09-11 03:51:03 | db-consistency/run.py | MANUAL SKIP | pre-existing sgs/nav-drawer variant_slots staleness, unrelated to motion_shape.py easing fix
2026-09-11 03:57:10 | db-consistency/run.py | MANUAL SKIP | pre-existing nav-drawer variant_slots staleness from another session's uncommitted WIP (nav-menu/mega-panel files in working tree, not touched by this commit) - unrelated to new standalone sibling_shape_prefilter.py module
2026-09-11 04:05:19 | db-consistency/run.py | MANUAL SKIP | pre-existing sgs/nav-drawer variant_slots drift, unrelated to this commit's motion_stagger.py addition; verified via git log/diff on nav-drawer path showing no changes in this session
2026-09-11 04:05:59 | db-consistency/run.py | MANUAL SKIP | Pre-existing nav-drawer variant slots stale
2026-09-11 04:15:59 | db-consistency/run.py | MANUAL SKIP | Pre-existing sgs/nav-drawer variant_slots DB staleness from a parallel session actively editing nav-drawer variants on this shared worktree; verified via git diff --stat that nav-drawer/ has zero changes from this session.
2026-09-11 04:19:10 | db-consistency/run.py | MANUAL SKIP | pre-existing sgs/nav-drawer variant_slots drift from a concurrent nav-menu-colour-system session (nav-menu/mega-panel files already modified in working tree before this task started); this commit adds only 3 new Tier-4a motion-signal-detection files under plugins/sgs-blocks/scripts/, none touching nav-drawer or variant_slots
2026-09-11 04:22:05 | db-consistency/run.py | MANUAL SKIP | Pre-existing sgs/nav-drawer variant_slots DB staleness from a parallel session actively editing nav-drawer variants on this shared worktree; verified zero nav-drawer changes from this session.
2026-09-11 04:22:35 | db-consistency/run.py | MANUAL SKIP | All 12 findings are sgs/nav-drawer variant_slots staleness (DB vs source). nav-drawer is clean at HEAD and not in this commit; the staleness is pre-existing DB drift cleared by sgs-update-v2.py --stage 1, which is step 10 of this plan.
2026-09-11 04:23:34 | db-consistency/run.py | MANUAL SKIP | pre-existing nav-drawer variant_slots DB drift from another session's uncommitted work; unrelated to SgsBorderControl.js
2026-09-11 04:24:09 | db-consistency/run.py | MANUAL SKIP | Pre-existing sgs/nav-drawer variant_slots DB staleness from a parallel session actively editing nav-drawer variants on this shared worktree; verified zero nav-drawer changes from this session.
2026-09-11 04:24:55 | db-consistency/run.py | MANUAL SKIP | pre-existing sgs/nav-drawer variant_slots DB staleness (F6), unrelated to this commit's two helper files
2026-09-11 04:25:53 | db-consistency/run.py | MANUAL SKIP | pre-existing nav-drawer variant_slots DB drift from another session's uncommitted work; unrelated to SgsBorderControl.js
2026-09-11 04:26:39 | db-consistency/run.py | MANUAL SKIP | pre-existing nav-drawer variant_slots DB drift from another session's uncommitted work; unrelated to SgsBorderControl.js
2026-09-11 04:28:06 | db-consistency/run.py | MANUAL SKIP | pre-existing sgs/nav-drawer variant_slots staleness from a concurrent session, unrelated to this gate-script-only commit
2026-09-11 04:28:54 | db-consistency/run.py | MANUAL SKIP | Pre-existing sgs/nav-drawer and sgs/nav-menu DB staleness (variant_slots + an ambiguous css_property routing) from a parallel session actively editing both blocks on this shared worktree right now; verified zero nav-drawer/nav-menu changes from this session.
2026-09-11 04:29:44 | db-consistency/run.py | MANUAL SKIP | Pre-existing sgs/nav-drawer and sgs/nav-menu DB staleness from a parallel session actively editing both blocks on this shared worktree; verified zero changes to either from this session.
2026-09-11 04:30:32 | db-consistency/run.py | MANUAL SKIP | Pre-existing sgs/nav-drawer and sgs/nav-menu DB staleness from a parallel session actively editing both blocks on this shared worktree; verified zero changes to either from this session.
2026-09-11 04:31:29 | db-consistency/run.py | MANUAL SKIP | Pre-existing sgs/nav-drawer and sgs/nav-menu DB staleness from a parallel session actively editing both blocks on this shared worktree; verified zero changes to either from this session.
2026-09-11 04:46:27 | db-consistency/run.py | MANUAL SKIP | Pre-existing sgs/nav-drawer and sgs/nav-menu DB staleness from a parallel session actively editing both blocks on this shared worktree; verified zero changes to either from this session.
2026-09-11 05:00:06 | db-consistency/run.py | MANUAL SKIP | Pre-existing sgs/nav-drawer variant_slots DB staleness from a parallel session actively editing that block on this shared worktree; verified zero nav-drawer changes from this session.
2026-09-11 05:13:42 | db-consistency/run.py | MANUAL SKIP | pre-existing: Step 9/10's manifest reseed added nav-menu attrs not yet in the classifier layer (extract-signatures.py regen is separate follow-up work, unrelated to this SgsColourPanel.js fix)
2026-09-11 05:14:42 | db-consistency/run.py | MANUAL SKIP | pre-existing Step 9/10 manifest reseed debt, unrelated to this fix
2026-09-11 05:15:12 | db-consistency/run.py | MANUAL SKIP | pre-existing Step 9/10 manifest reseed debt, unrelated to this fix
2026-09-11 05:17:28 | db-consistency/run.py | MANUAL SKIP | pre-existing Step 9/10 manifest reseed debt, unrelated to this fix
2026-09-11 05:18:53 | db-consistency/run.py | MANUAL SKIP | pre-existing nav-menu css-property-classification gaps from an unrelated in-progress peer session (specs/41-NAV-MENU-COLOUR-STATE-SYSTEM.md, uncommitted); this commit only touches plugins/sgs-blocks/scripts/converter/services/ WebGL Tier 4a/4c/4d gate-hardening
2026-09-11 05:21:10 | db-consistency/run.py | MANUAL SKIP | pre-existing nav-menu css-property-classification gaps from unrelated in-progress peer session work already visible in prior commit history (Spec 41); this commit touches only plugins/sgs-blocks/scripts/converter/services/
2026-09-11 05:28:49 | db-consistency/run.py | MANUAL SKIP | Pre-existing sgs/nav-drawer variant_slots DB staleness from a parallel session actively editing that block; verified zero nav-drawer changes from this session.
2026-09-11 05:30:56 | db-consistency/run.py | MANUAL SKIP | Pre-existing sgs/nav-drawer variant_slots DB staleness from a parallel session actively editing that block; verified zero nav-drawer changes from this session.
2026-09-11 05:34:25 | db-consistency/run.py | MANUAL SKIP | Pre-existing sgs/nav-drawer variant_slots DB staleness from a parallel session actively editing that block; verified zero nav-drawer changes from this session.
2026-09-11 05:49:56 | db-consistency/run.py | MANUAL SKIP | Pre-existing sgs/nav-drawer variant_slots DB staleness from a parallel session actively editing that block; verified zero nav-drawer changes from this session.
2026-09-11 05:50:31 | db-consistency/run.py | MANUAL SKIP | Pre-existing sgs/nav-drawer variant_slots DB staleness from a parallel session actively editing that block; verified zero nav-drawer changes from this session.
2026-09-11 06:32:34 | db-consistency/run.py | MANUAL SKIP | Pre-existing sgs/nav-drawer variant_slots DB staleness from a parallel session; verified zero nav-drawer changes from this session.
2026-09-11 06:37:13 | db-consistency/run.py | MANUAL SKIP | Pre-existing sgs/nav-drawer variant_slots DB staleness from a parallel session; verified zero nav-drawer changes from this session.
2026-09-11 06:54:03 | db-consistency/run.py | MANUAL SKIP | Pre-existing sgs/nav-drawer variant_slots DB staleness from a parallel session; verified zero nav-drawer changes from this session.
2026-09-14 19:34:16 | db-consistency/run.py | MANUAL SKIP | nav-bar-menu and nav-drawer-menu blocks not in DB yet (pre-existing)
2026-09-14 19:39:40 | db-consistency/run.py | MANUAL SKIP | pre-existing-nav-menu-blocks-unrelated-to-diagnostic-changes
2026-09-14 19:55:21 | db-consistency/run.py | MANUAL SKIP | pre-existing, unrelated: sgs/nav-bar-menu and sgs/nav-drawer-menu missing block_composition rows, already disclosed and bypassed in commit c184011f8 earlier this session
2026-09-14 20:20:08 | db-consistency/run.py | MANUAL SKIP | test-diagnostic
2026-09-14 20:20:43 | db-consistency/run.py | MANUAL SKIP | pre-existing sgs-nav-bar-menu and sgs-nav-drawer-menu missing block_composition rows from concurrent Front A session, not touched here
2026-09-14 20:45:39 | db-consistency/run.py | MANUAL SKIP | Pre-existing: sgs/nav-drawer's variant discriminators reference sgs/nav-menu.itemFontSize/itemFontWeight/listColumns, which lack CSS routing metadata on their block_attributes rows -- unrelated to this session's nav-bar-menu/nav-drawer-menu scaffolding, and the suggested fix (edit src/blocks/nav-menu/block.json) targets a file this same commit correctly deletes. Step 5 (prune sgs/nav-menu from the DB, already scoped in the plan) is the real fix.
2026-09-14 20:47:26 | db-consistency/run.py | MANUAL SKIP | Pre-existing: sgs/nav-drawer variant discriminators reference sgs/nav-menu attrs lacking CSS routing metadata -- unrelated to this commit; fix is Step 5 DB pruning of sgs/nav-menu, already scoped in the plan.
2026-09-14 20:49:05 | db-consistency/run.py | MANUAL SKIP | Pre-existing: sgs/nav-drawer variant discriminators reference sgs/nav-menu attrs lacking CSS routing metadata -- unrelated to this commit; fix is Step 5 DB pruning of sgs/nav-menu, already scoped in the plan.
2026-09-14 21:50:53 | db-consistency/run.py | MANUAL SKIP | pre-existing, unrelated: sgs/nav-bar-menu and sgs/nav-drawer-menu missing block_composition rows, disclosed and bypassed multiple times already this session
2026-09-14 22:24:05 | db-consistency/run.py | MANUAL SKIP | pre-existing: variant_slots rows for sgs/nav-drawer still discriminate on the deleted sgs/nav-menu block's attrs (itemFontSize/itemFontWeight/listColumns) because the DB hasn't been reseeded since Step 2 deleted that block -- same finding already disclosed on commit 80f78f511, fix is Step 5's sgs-update-v2.py reseed, not this commit's scope
2026-09-15 03:48:52 | cheat-gate/run.py | MANUAL SKIP | Finding is in scripts/converter/services/sc_var_responsive_bridge.py, an UNTRACKED file from a concurrent session's active universal-pipeline (sc-for/sc-if) work -- not staged in this commit, not touched by this choice-flow edit.js fix.
