// Jest Snapshot v1, https://goo.gl/fbAQLP

exports[`sgs/option-picker — converter/Typed schema-compat attribute type map matches the frozen baseline 1`] = `
{
  "borderColour": "string",
  "borderColourGradient": "string",
  "borderRadius": "object",
  "borderStyle": "string",
  "borderWidth": "object",
  "colourPreset": "string",
  "contentImpact": "array",
  "defaultSelected": "string",
  "label": "string",
  "labelColour": "string",
  "labelColourGradient": "string",
  "labelColourHover": "string",
  "labelColourHoverGradient": "string",
  "labelFontFamily": "string",
  "labelFontSize": "object",
  "labelFontSizeUnit": "string",
  "labelFontStyle": "string",
  "labelFontWeight": "string",
  "labelLetterSpacing": "object",
  "labelLetterSpacingUnit": "string",
  "labelLineHeight": "object",
  "labelLineHeightUnit": "string",
  "labelMarginBottom": "string",
  "labelTextAlign": "string",
  "labelTextColumns": "number",
  "labelTextDecoration": "string",
  "labelTextTransform": "string",
  "labelTextWrap": "string",
  "labelWritingMode": "string",
  "margin": "object",
  "maxWidth": "string",
  "optionItems": "array",
  "padding": "object",
  "pillBgColour": "string",
  "pillBgColourGradient": "string",
  "pillBgColourHover": "string",
  "pillBgColourHoverGradient": "string",
  "pillBorderColour": "string",
  "pillBorderColourGradient": "string",
  "pillBorderRadius": "string",
  "pillFontFamily": "string",
  "pillFontSize": "object",
  "pillFontSizeUnit": "string",
  "pillFontStyle": "string",
  "pillFontWeight": "string",
  "pillLetterSpacing": "object",
  "pillLetterSpacingUnit": "string",
  "pillLineHeight": "object",
  "pillLineHeightUnit": "string",
  "pillPadding": "object",
  "pillSelectedBgColour": "string",
  "pillSelectedBorderColour": "string",
  "pillSelectedBorderColourGradient": "string",
  "pillSelectedBorderRadius": "string",
  "pillSelectedTextColour": "string",
  "pillSize": "string",
  "pillStyle": "string",
  "pillTextAlign": "string",
  "pillTextColour": "string",
  "pillTextColourGradient": "string",
  "pillTextColourHover": "string",
  "pillTextColumns": "number",
  "pillTextDecoration": "string",
  "pillTextTransform": "string",
  "pillTextWrap": "string",
  "pillWritingMode": "string",
  "requireChoice": "boolean",
  "showLabel": "boolean",
  "showSelectedTick": "boolean",
  "showTermDetails": "boolean",
  "subLabelMetaKey": "string",
  "tileGap": "string",
  "typeKey": "string",
  "width": "string",
}
`;

exports[`sgs/product-card — Typed shape is a deprecation-free subset attribute type map matches the frozen baseline 1`] = `
{
  "attributeTagBackgroundColour": "string",
  "attributeTagBorderColour": "string",
  "attributeTagBorderRadius": [
    "string",
    "number",
  ],
  "attributeTagBorderWidth": "object",
  "attributeTagFontSize": "object",
  "attributeTagFontSizeUnit": "string",
  "attributeTagFontWeight": "string",
  "attributeTagLetterSpacing": "object",
  "attributeTagLetterSpacingUnit": "string",
  "attributeTagPadding": "object",
  "attributeTagSource": "string",
  "attributeTagTaxonomy": "string",
  "attributeTagTerm": "string",
  "attributeTagText": "string",
  "attributeTagTextColour": "string",
  "backgroundColour": "string",
  "backgroundColourGradient": "string",
  "backgroundColourHover": "string",
  "backgroundColourHoverGradient": "string",
  "borderColour": "string",
  "borderColourGradient": "string",
  "borderColourHover": "string",
  "borderRadius": "object",
  "borderStyle": "string",
  "borderWidth": "object",
  "brandColour": "string",
  "brandFontFamily": "string",
  "brandFontSize": "object",
  "brandFontSizeUnit": "string",
  "brandFontWeight": "string",
  "brandLetterSpacing": "object",
  "brandLetterSpacingUnit": "string",
  "brandName": "string",
  "brandPadding": "object",
  "brandUseLogo": "boolean",
  "cardMaxWidth": "string",
  "cardPadding": "object",
  "colourSwatches": "array",
  "cta2Style": "string",
  "cta2Text": "string",
  "cta2Url": "string",
  "ctaBehaviour": "string",
  "ctaBorderRadius": "object",
  "ctaBorderStyle": "string",
  "ctaBorderWidth": "object",
  "ctaColourBackground": "string",
  "ctaColourBackgroundGradient": "string",
  "ctaColourBackgroundHover": "string",
  "ctaColourBackgroundHoverGradient": "string",
  "ctaColourBorder": "string",
  "ctaColourBorderGradient": "string",
  "ctaColourBorderHover": "string",
  "ctaColourBorderHoverGradient": "string",
  "ctaColourText": "string",
  "ctaColourTextGradient": "string",
  "ctaColourTextHover": "string",
  "ctaColourTextHoverGradient": "string",
  "ctaFontSize": "number",
  "ctaFontWeight": "string",
  "ctaPadding": "object",
  "ctaStyle": "string",
  "ctaText": "string",
  "ctaUrl": "string",
  "ctaWidthType": "string",
  "decoyEnabled": "boolean",
  "descColour": "string",
  "descColourGradient": "string",
  "descFontFamily": "string",
  "descFontSize": "object",
  "descFontSizeUnit": "string",
  "descFontStyle": "string",
  "descFontWeight": "string",
  "descLetterSpacing": "object",
  "descLetterSpacingUnit": "string",
  "descLineHeight": "number",
  "descLineHeightUnit": "string",
  "descLinkColour": "string",
  "descLinkColourGradient": "string",
  "descLinkColourHover": "string",
  "descLinkColourHoverGradient": "string",
  "descTextAlign": "string",
  "descTextColumns": "number",
  "descTextDecoration": "string",
  "descTextIndent": "string",
  "descTextTransform": "string",
  "descTextWrap": "string",
  "descWritingMode": "string",
  "description": "string",
  "featuredTag": "string",
  "framingMode": "string",
  "headingLevel": "string",
  "image": "string",
  "imageAlt": "string",
  "imageAspectRatio": "string",
  "imageDecorative": "boolean",
  "imageHeight": "string",
  "imageId": "number",
  "indexVariationUrl": "number",
  "maxWidth": "object",
  "mediaBackgroundColour": "string",
  "noImageLabel": "string",
  "noImageLabelColour": "string",
  "noImageLabelFontSize": "object",
  "noImageLabelFontSizeUnit": "string",
  "noImageLabelFontWeight": "string",
  "noImageLabelLetterSpacing": "object",
  "noImageLabelLetterSpacingUnit": "string",
  "noImageLabelTextTransform": "string",
  "noReviewsText": "string",
  "overrideElements": "array",
  "packSizes": "array",
  "pickerColourPreset": "string",
  "pickerLabelColour": "string",
  "pickerLabelColourGradient": "string",
  "pickerLabelFontSize": "string",
  "pickerPillBgColour": "string",
  "pickerPillBgColourGradient": "string",
  "pickerPillBorderColour": "string",
  "pickerPillBorderRadius": "string",
  "pickerPillSelectedBgColour": "string",
  "pickerPillSelectedBorderColour": "string",
  "pickerPillSelectedBorderRadius": "string",
  "pickerPillSelectedTextColour": "string",
  "pickerPillTextColour": "string",
  "pickerPillTextColourGradient": "string",
  "pickerShowSelectedTick": "boolean",
  "pillFontSize": "object",
  "pillFontSizeUnit": "string",
  "pillFontStyle": "string",
  "pillFontWeight": "string",
  "priceColour": "string",
  "priceColourGradient": "string",
  "priceFontFamily": "string",
  "priceFontSize": "object",
  "priceFontSizeUnit": "string",
  "priceFontWeight": "string",
  "priceFromLabelFontFamily": "string",
  "priceFromLabelFontSize": "object",
  "priceFromLabelFontSizeUnit": "string",
  "priceFromLabelFontStyle": "string",
  "priceFromLabelFontWeight": "string",
  "priceFromLabelLetterSpacing": "object",
  "priceFromLabelLetterSpacingUnit": "string",
  "priceFromLabelLineHeight": "object",
  "priceFromLabelLineHeightUnit": "string",
  "priceFromLabelTextAlign": "string",
  "priceFromLabelTextColumns": "number",
  "priceFromLabelTextDecoration": "string",
  "priceFromLabelTextTransform": "string",
  "priceFromLabelTextWrap": "string",
  "priceFromLabelWritingMode": "string",
  "priceLarge": "string",
  "priceLineHeight": "number",
  "priceLineHeightUnit": "string",
  "priceNote": "string",
  "priceNoteColour": "string",
  "priceNoteColourGradient": "string",
  "priceNoteFontFamily": "string",
  "priceNoteFontSize": "object",
  "priceNoteFontSizeUnit": "string",
  "priceRowSpaceAbove": "string",
  "productId": "number",
  "productName": "string",
  "ratingColour": "string",
  "ratingValue": "number",
  "reviewCount": "number",
  "rrpColour": "string",
  "rrpMetaKey": "string",
  "rrpSavingFormat": "string",
  "savingBadgeBackgroundColour": "string",
  "savingBadgeBorderRadius": [
    "string",
    "number",
  ],
  "savingBadgePadding": "object",
  "savingBadgePosition": "string",
  "savingBadgeTextColour": "string",
  "savingLabel": "string",
  "showAttributeTag": "boolean",
  "showBrandOverlay": "boolean",
  "showCta": "boolean",
  "showDescription": "boolean",
  "showGalleryThumbs": "boolean",
  "showLadder": "boolean",
  "showPickers": "boolean",
  "showRating": "boolean",
  "showSavingBadge": "boolean",
  "showShadow": "boolean",
  "showWishlist": "boolean",
  "sourceMode": "string",
  "swatchAttribute": "string",
  "swatchBorderColour": "string",
  "swatchHoverGrow": "number",
  "swatchMaxVisible": "number",
  "swatchSize": "number",
  "tagBackgroundColour": "string",
  "tagBackgroundColourGradient": "string",
  "tagBackgroundColourHover": "string",
  "tagBackgroundColourHoverGradient": "string",
  "tagBorderRadius": [
    "string",
    "number",
  ],
  "tagFontFamily": "string",
  "tagFontSize": "object",
  "tagFontSizeUnit": "string",
  "tagFontStyle": "string",
  "tagFontWeight": "string",
  "tagFullWidth": "boolean",
  "tagLetterSpacing": "object",
  "tagLetterSpacingUnit": "string",
  "tagLineHeight": "object",
  "tagLineHeightUnit": "string",
  "tagPadding": "object",
  "tagTextAlign": "string",
  "tagTextColour": "string",
  "tagTextColourGradient": "string",
  "tagTextColumns": "number",
  "tagTextDecoration": "string",
  "tagTextTransform": "string",
  "tagTextWrap": "string",
  "tagWritingMode": "string",
  "taxDisplayMode": "string",
  "textColour": "string",
  "textColourGradient": "string",
  "textColourHover": "string",
  "textColourHoverGradient": "string",
  "titleColour": "string",
  "titleColourGradient": "string",
  "titleFontFamily": "string",
  "titleFontSize": "object",
  "titleFontSizeUnit": "string",
  "titleFontStyle": "string",
  "titleFontWeight": "string",
  "titleLetterSpacing": "object",
  "titleLetterSpacingUnit": "string",
  "titleLineHeight": "number",
  "titleLineHeightUnit": "string",
  "titleTextAlign": "string",
  "titleTextColumns": "number",
  "titleTextDecoration": "string",
  "titleTextTransform": "string",
  "titleTextWrap": "string",
  "titleWritingMode": "string",
  "trialTag": "string",
  "valueLadderFontFamily": "string",
  "valueLadderFontSize": "object",
  "valueLadderFontSizeUnit": "string",
  "valueLadderFontStyle": "string",
  "valueLadderFontWeight": "string",
  "valueLadderLetterSpacing": "object",
  "valueLadderLetterSpacingUnit": "string",
  "valueLadderLineHeight": "object",
  "valueLadderLineHeightUnit": "string",
  "valueLadderSavingFontFamily": "string",
  "valueLadderSavingFontSize": "object",
  "valueLadderSavingFontSizeUnit": "string",
  "valueLadderSavingFontStyle": "string",
  "valueLadderSavingFontWeight": "string",
  "valueLadderSavingLetterSpacing": "object",
  "valueLadderSavingLetterSpacingUnit": "string",
  "valueLadderSavingLineHeight": "object",
  "valueLadderSavingLineHeightUnit": "string",
  "valueLadderSavingTextAlign": "string",
  "valueLadderSavingTextColumns": "number",
  "valueLadderSavingTextDecoration": "string",
  "valueLadderSavingTextTransform": "string",
  "valueLadderSavingTextWrap": "string",
  "valueLadderSavingWritingMode": "string",
  "valueLadderTextAlign": "string",
  "valueLadderTextColumns": "number",
  "valueLadderTextDecoration": "string",
  "valueLadderTextTransform": "string",
  "valueLadderTextWrap": "string",
  "valueLadderWritingMode": "string",
  "variantStyle": "string",
  "visibleAxes": "array",
  "wishlistBorderColour": "string",
}
`;
